Release 10.1 - xst K.31 (nt)
Copyright (c) 1995-2008 Xilinx, Inc.  All rights reserved.
--> Parameter TMPDIR set to C:/Xilinx/ALU/xst/projnav.tmp


Total REAL time to Xst completion: 0.00 secs
Total CPU time to Xst completion: 0.05 secs
 
--> Parameter xsthdpdir set to C:/Xilinx/ALU/xst


Total REAL time to Xst completion: 0.00 secs
Total CPU time to Xst completion: 0.05 secs
 
--> Reading design: FA_64bit_sync.prj

TABLE OF CONTENTS
  1) Synthesis Options Summary
  2) HDL Compilation
  3) Design Hierarchy Analysis
  4) HDL Analysis
  5) HDL Synthesis
     5.1) HDL Synthesis Report
  6) Advanced HDL Synthesis
     6.1) Advanced HDL Synthesis Report
  7) Low Level Synthesis
  8) Partition Report
  9) Final Report
     9.1) Device utilization summary
     9.2) Partition Resource Summary
     9.3) TIMING REPORT


=========================================================================
*                      Synthesis Options Summary                        *
=========================================================================
---- Source Parameters
Input File Name                    : "FA_64bit_sync.prj"
Input Format                       : mixed
Ignore Synthesis Constraint File   : NO

---- Target Parameters
Output File Name                   : "FA_64bit_sync"
Output Format                      : NGC
Target Device                      : xc2vp30-6-fg676

---- Source Options
Top Module Name                    : FA_64bit_sync
Automatic FSM Extraction           : YES
FSM Encoding Algorithm             : Auto
Safe Implementation                : No
FSM Style                          : lut
RAM Extraction                     : Yes
RAM Style                          : Auto
ROM Extraction                     : Yes
Mux Style                          : Auto
Decoder Extraction                 : YES
Priority Encoder Extraction        : YES
Shift Register Extraction          : YES
Logical Shifter Extraction         : YES
XOR Collapsing                     : YES
ROM Style                          : Auto
Mux Extraction                     : YES
Resource Sharing                   : YES
Asynchronous To Synchronous        : NO
Multiplier Style                   : auto
Automatic Register Balancing       : No

---- Target Options
Add IO Buffers                     : YES
Global Maximum Fanout              : 500
Add Generic Clock Buffer(BUFG)     : 16
Register Duplication               : YES
Slice Packing                      : YES
Optimize Instantiated Primitives   : NO
Convert Tristates To Logic         : Yes
Use Clock Enable                   : Yes
Use Synchronous Set                : Yes
Use Synchronous Reset              : Yes
Pack IO Registers into IOBs        : auto
Equivalent register Removal        : YES

---- General Options
Optimization Goal                  : Speed
Optimization Effort                : 1
Library Search Order               : FA_64bit_sync.lso
Keep Hierarchy                     : NO
Netlist Hierarchy                  : as_optimized
RTL Output                         : Yes
Global Optimization                : AllClockNets
Read Cores                         : YES
Write Timing Constraints           : NO
Cross Clock Analysis               : NO
Hierarchy Separator                : /
Bus Delimiter                      : <>
Case Specifier                     : maintain
Slice Utilization Ratio            : 100
BRAM Utilization Ratio             : 100
Verilog 2001                       : YES
Auto BRAM Packing                  : NO
Slice Utilization Ratio Delta      : 5

=========================================================================


=========================================================================
*                          HDL Compilation                              *
=========================================================================
Compiling verilog file "full_adder_1_bit.v" in library work
Compiling verilog file "FA_64bit_sync.v" in library work
Module <full_adder_1_bit> compiled
Module <FA_64bit_sync> compiled
No errors in compilation
Analysis of file <"FA_64bit_sync.prj"> succeeded.
 

=========================================================================
*                     Design Hierarchy Analysis                         *
=========================================================================
Analyzing hierarchy for module <FA_64bit_sync> in library <work>.

Analyzing hierarchy for module <full_adder_1_bit> in library <work>.


=========================================================================
*                            HDL Analysis                               *
=========================================================================
Analyzing top module <FA_64bit_sync>.
Module <FA_64bit_sync> is correct for synthesis.
 
Analyzing module <full_adder_1_bit> in library <work>.
Module <full_adder_1_bit> is correct for synthesis.
 

=========================================================================
*                           HDL Synthesis                               *
=========================================================================

Performing bidirectional port resolution...

Synthesizing Unit <full_adder_1_bit>.
    Related source file is "full_adder_1_bit.v".
WARNING:Xst:1780 - Signal <xor2> is never used or assigned. This unconnected signal will be trimmed during the optimization process.
    Found 1-bit xor2 for signal <Sum>.
    Found 1-bit xor2 for signal <xor1>.
Unit <full_adder_1_bit> synthesized.


Synthesizing Unit <FA_64bit_sync>.
    Related source file is "FA_64bit_sync.v".
WARNING:Xst:647 - Input <Cin> is never used. This port will be preserved and left unconnected if it belongs to a top-level block or it belongs to a sub-block and the hierarchy of this sub-block is preserved.
Unit <FA_64bit_sync> synthesized.


=========================================================================
HDL Synthesis Report

Macro Statistics
# Xors                                                 : 128
 1-bit xor2                                            : 128

=========================================================================

=========================================================================
*                       Advanced HDL Synthesis                          *
=========================================================================

Loading device for application Rf_Device from file '2vp30.nph' in environment C:\Xilinx\10.1\ISE.

=========================================================================
Advanced HDL Synthesis Report

Macro Statistics
# Xors                                                 : 128
 1-bit xor2                                            : 128

=========================================================================

=========================================================================
*                         Low Level Synthesis                           *
=========================================================================

Optimizing unit <FA_64bit_sync> ...

Mapping all equations...
Building and optimizing final netlist ...
Found area constraint ratio of 100 (+ 5) on block FA_64bit_sync, actual ratio is 0.

Final Macro Processing ...

=========================================================================
Final Register Report

Found no macro
=========================================================================

=========================================================================
*                           Partition Report                             *
=========================================================================

Partition Implementation Status
-------------------------------

  No Partitions were found in this design.

-------------------------------

=========================================================================
*                            Final Report                               *
=========================================================================
Final Results
RTL Top Level Output File Name     : FA_64bit_sync.ngr
Top Level Output File Name         : FA_64bit_sync
Output Format                      : NGC
Optimization Goal                  : Speed
Keep Hierarchy                     : NO

Design Statistics
# IOs                              : 194

Cell Usage :
# BELS                             : 127
#      LUT2                        : 1
#      LUT3                        : 124
#      LUT4                        : 2
# IO Buffers                       : 193
#      IBUF                        : 128
#      OBUF                        : 65
=========================================================================

Device utilization summary:
---------------------------

Selected Device : 2vp30fg676-6 

 Number of Slices:                       73  out of  13696     0%  
 Number of 4 input LUTs:                127  out of  27392     0%  
 Number of IOs:                         194
 Number of bonded IOBs:                 193  out of    416    46%  

---------------------------
Partition Resource Summary:
---------------------------

  No Partitions were found in this design.

---------------------------


=========================================================================
TIMING REPORT

NOTE: THESE TIMING NUMBERS ARE ONLY A SYNTHESIS ESTIMATE.
      FOR ACCURATE TIMING INFORMATION PLEASE REFER TO THE TRACE REPORT
      GENERATED AFTER PLACE-and-ROUTE.

Clock Information:
------------------
No clock signals found in this design

Asynchronous Control Signals Information:
----------------------------------------
No asynchronous control signals found in this design

Timing Summary:
---------------
Speed Grade: -6

   Minimum period: No path found
   Minimum input arrival time before clock: No path found
   Maximum output required time after clock: No path found
   Maximum combinational path delay: 59.249ns

Timing Detail:
--------------
All values displayed in nanoseconds (ns)

=========================================================================
Timing constraint: Default path analysis
  Total number of paths / destination ports: 4288 / 65
-------------------------------------------------------------------------
Delay:               59.249ns (Levels of Logic = 65)
  Source:            A<1> (PAD)
  Destination:       Carry (PAD)

  Data Path: A<1> to Carry
                                Gate     Net
    Cell:in->out      fanout   Delay   Delay  Logical Name (Net Name)
    ----------------------------------------  ------------
     IBUF:I->O             2   0.919   0.588  A_1_IBUF (A_1_IBUF)
     LUT4:I0->O            2   0.313   0.561  genFA[1].non_first_1_bit_adder.instance_name/Carry1 (inter_carry<1>)
     LUT3:I1->O            2   0.313   0.561  genFA[2].non_first_1_bit_adder.instance_name/Carry1 (inter_carry<2>)
     LUT3:I1->O            2   0.313   0.561  genFA[3].non_first_1_bit_adder.instance_name/Carry1 (inter_carry<3>)
     LUT3:I1->O            2   0.313   0.561  genFA[4].non_first_1_bit_adder.instance_name/Carry1 (inter_carry<4>)
     LUT3:I1->O            2   0.313   0.561  genFA[5].non_first_1_bit_adder.instance_name/Carry1 (inter_carry<5>)
     LUT3:I1->O            2   0.313   0.561  genFA[6].non_first_1_bit_adder.instance_name/Carry1 (inter_carry<6>)
     LUT3:I1->O            2   0.313   0.561  genFA[7].non_first_1_bit_adder.instance_name/Carry1 (inter_carry<7>)
     LUT3:I1->O            2   0.313   0.561  genFA[8].non_first_1_bit_adder.instance_name/Carry1 (inter_carry<8>)
     LUT3:I1->O            2   0.313   0.561  genFA[9].non_first_1_bit_adder.instance_name/Carry1 (inter_carry<9>)
     LUT3:I1->O            2   0.313   0.561  genFA[10].non_first_1_bit_adder.instance_name/Carry1 (inter_carry<10>)
     LUT3:I1->O            2   0.313   0.561  genFA[11].non_first_1_bit_adder.instance_name/Carry1 (inter_carry<11>)
     LUT3:I1->O            2   0.313   0.561  genFA[12].non_first_1_bit_adder.instance_name/Carry1 (inter_carry<12>)
     LUT3:I1->O            2   0.313   0.561  genFA[13].non_first_1_bit_adder.instance_name/Carry1 (inter_carry<13>)
     LUT3:I1->O            2   0.313   0.561  genFA[14].non_first_1_bit_adder.instance_name/Carry1 (inter_carry<14>)
     LUT3:I1->O            2   0.313   0.561  genFA[15].non_first_1_bit_adder.instance_name/Carry1 (inter_carry<15>)
     LUT3:I1->O            2   0.313   0.561  genFA[16].non_first_1_bit_adder.instance_name/Carry1 (inter_carry<16>)
     LUT3:I1->O            2   0.313   0.561  genFA[17].non_first_1_bit_adder.instance_name/Carry1 (inter_carry<17>)
     LUT3:I1->O            2   0.313   0.561  genFA[18].non_first_1_bit_adder.instance_name/Carry1 (inter_carry<18>)
     LUT3:I1->O            2   0.313   0.561  genFA[19].non_first_1_bit_adder.instance_name/Carry1 (inter_carry<19>)
     LUT3:I1->O            2   0.313   0.561  genFA[20].non_first_1_bit_adder.instance_name/Carry1 (inter_carry<20>)
     LUT3:I1->O            2   0.313   0.561  genFA[21].non_first_1_bit_adder.instance_name/Carry1 (inter_carry<21>)
     LUT3:I1->O            2   0.313   0.561  genFA[22].non_first_1_bit_adder.instance_name/Carry1 (inter_carry<22>)
     LUT3:I1->O            2   0.313   0.561  genFA[23].non_first_1_bit_adder.instance_name/Carry1 (inter_carry<23>)
     LUT3:I1->O            2   0.313   0.561  genFA[24].non_first_1_bit_adder.instance_name/Carry1 (inter_carry<24>)
     LUT3:I1->O            2   0.313   0.561  genFA[25].non_first_1_bit_adder.instance_name/Carry1 (inter_carry<25>)
     LUT3:I1->O            2   0.313   0.561  genFA[26].non_first_1_bit_adder.instance_name/Carry1 (inter_carry<26>)
     LUT3:I1->O            2   0.313   0.561  genFA[27].non_first_1_bit_adder.instance_name/Carry1 (inter_carry<27>)
     LUT3:I1->O            2   0.313   0.561  genFA[28].non_first_1_bit_adder.instance_name/Carry1 (inter_carry<28>)
     LUT3:I1->O            2   0.313   0.561  genFA[29].non_first_1_bit_adder.instance_name/Carry1 (inter_carry<29>)
     LUT3:I1->O            2   0.313   0.561  genFA[30].non_first_1_bit_adder.instance_name/Carry1 (inter_carry<30>)
     LUT3:I1->O            2   0.313   0.561  genFA[31].non_first_1_bit_adder.instance_name/Carry1 (inter_carry<31>)
     LUT3:I1->O            2   0.313   0.561  genFA[32].non_first_1_bit_adder.instance_name/Carry1 (inter_carry<32>)
     LUT3:I1->O            2   0.313   0.561  genFA[33].non_first_1_bit_adder.instance_name/Carry1 (inter_carry<33>)
     LUT3:I1->O            2   0.313   0.561  genFA[34].non_first_1_bit_adder.instance_name/Carry1 (inter_carry<34>)
     LUT3:I1->O            2   0.313   0.561  genFA[35].non_first_1_bit_adder.instance_name/Carry1 (inter_carry<35>)
     LUT3:I1->O            2   0.313   0.561  genFA[36].non_first_1_bit_adder.instance_name/Carry1 (inter_carry<36>)
     LUT3:I1->O            2   0.313   0.561  genFA[37].non_first_1_bit_adder.instance_name/Carry1 (inter_carry<37>)
     LUT3:I1->O            2   0.313   0.561  genFA[38].non_first_1_bit_adder.instance_name/Carry1 (inter_carry<38>)
     LUT3:I1->O            2   0.313   0.561  genFA[39].non_first_1_bit_adder.instance_name/Carry1 (inter_carry<39>)
     LUT3:I1->O            2   0.313   0.561  genFA[40].non_first_1_bit_adder.instance_name/Carry1 (inter_carry<40>)
     LUT3:I1->O            2   0.313   0.561  genFA[41].non_first_1_bit_adder.instance_name/Carry1 (inter_carry<41>)
     LUT3:I1->O            2   0.313   0.561  genFA[42].non_first_1_bit_adder.instance_name/Carry1 (inter_carry<42>)
     LUT3:I1->O            2   0.313   0.561  genFA[43].non_first_1_bit_adder.instance_name/Carry1 (inter_carry<43>)
     LUT3:I1->O            2   0.313   0.561  genFA[44].non_first_1_bit_adder.instance_name/Carry1 (inter_carry<44>)
     LUT3:I1->O            2   0.313   0.561  genFA[45].non_first_1_bit_adder.instance_name/Carry1 (inter_carry<45>)
     LUT3:I1->O            2   0.313   0.561  genFA[46].non_first_1_bit_adder.instance_name/Carry1 (inter_carry<46>)
     LUT3:I1->O            2   0.313   0.561  genFA[47].non_first_1_bit_adder.instance_name/Carry1 (inter_carry<47>)
     LUT3:I1->O            2   0.313   0.561  genFA[48].non_first_1_bit_adder.instance_name/Carry1 (inter_carry<48>)
     LUT3:I1->O            2   0.313   0.561  genFA[49].non_first_1_bit_adder.instance_name/Carry1 (inter_carry<49>)
     LUT3:I1->O            2   0.313   0.561  genFA[50].non_first_1_bit_adder.instance_name/Carry1 (inter_carry<50>)
     LUT3:I1->O            2   0.313   0.561  genFA[51].non_first_1_bit_adder.instance_name/Carry1 (inter_carry<51>)
     LUT3:I1->O            2   0.313   0.561  genFA[52].non_first_1_bit_adder.instance_name/Carry1 (inter_carry<52>)
     LUT3:I1->O            2   0.313   0.561  genFA[53].non_first_1_bit_adder.instance_name/Carry1 (inter_carry<53>)
     LUT3:I1->O            2   0.313   0.561  genFA[54].non_first_1_bit_adder.instance_name/Carry1 (inter_carry<54>)
     LUT3:I1->O            2   0.313   0.561  genFA[55].non_first_1_bit_adder.instance_name/Carry1 (inter_carry<55>)
     LUT3:I1->O            2   0.313   0.561  genFA[56].non_first_1_bit_adder.instance_name/Carry1 (inter_carry<56>)
     LUT3:I1->O            2   0.313   0.561  genFA[57].non_first_1_bit_adder.instance_name/Carry1 (inter_carry<57>)
     LUT3:I1->O            2   0.313   0.561  genFA[58].non_first_1_bit_adder.instance_name/Carry1 (inter_carry<58>)
     LUT3:I1->O            2   0.313   0.561  genFA[59].non_first_1_bit_adder.instance_name/Carry1 (inter_carry<59>)
     LUT3:I1->O            2   0.313   0.561  genFA[60].non_first_1_bit_adder.instance_name/Carry1 (inter_carry<60>)
     LUT3:I1->O            2   0.313   0.561  genFA[61].non_first_1_bit_adder.instance_name/Carry1 (inter_carry<61>)
     LUT3:I1->O            2   0.313   0.561  genFA[62].non_first_1_bit_adder.instance_name/Carry1 (inter_carry<62>)
     LUT3:I1->O            1   0.313   0.390  genFA[63].non_first_1_bit_adder.instance_name/Carry1 (inter_carry<63>)
     OBUF:I->O                 2.851          Carry_OBUF (Carry)
    ----------------------------------------
    Total                     59.249ns (23.489ns logic, 35.760ns route)
                                       (39.6% logic, 60.4% route)

=========================================================================


Total REAL time to Xst completion: 4.00 secs
Total CPU time to Xst completion: 4.70 secs
 
--> 

Total memory usage is 191504 kilobytes

Number of errors   :    0 (   0 filtered)
Number of warnings :    3 (   0 filtered)
Number of infos    :    0 (   0 filtered)

